// Jest Snapshot v1, https://goo.gl/fbAQLP

exports[`App Component Renders an App 1`] = `<Connect(AllCharacters) />`;
